Archive member included to satisfy reference by file (symbol)

C:/ST/STM32CubeIDE_1.13.1/STM32CubeIDE/plugins/com.st.stm32cube.ide.mcu.externaltools.gnu-tools-for-stm32.11.3.rel1.win32_1.1.0.202305231506/tools/bin/../lib/gcc/arm-none-eabi/11.3.1/../../../../arm-none-eabi/lib/thumb/v7e-m+fp/hard\libc_nano.a(libc_a-exit.o)
                              C:/ST/STM32CubeIDE_1.13.1/STM32CubeIDE/plugins/com.st.stm32cube.ide.mcu.externaltools.gnu-tools-for-stm32.11.3.rel1.win32_1.1.0.202305231506/tools/bin/../lib/gcc/arm-none-eabi/11.3.1/../../../../arm-none-eabi/lib/thumb/v7e-m+fp/hard/crt0.o (exit)
C:/ST/STM32CubeIDE_1.13.1/STM32CubeIDE/plugins/com.st.stm32cube.ide.mcu.externaltools.gnu-tools-for-stm32.11.3.rel1.win32_1.1.0.202305231506/tools/bin/../lib/gcc/arm-none-eabi/11.3.1/../../../../arm-none-eabi/lib/thumb/v7e-m+fp/hard\libc_nano.a(libc_a-findfp.o)
                              C:/ST/STM32CubeIDE_1.13.1/STM32CubeIDE/plugins/com.st.stm32cube.ide.mcu.externaltools.gnu-tools-for-stm32.11.3.rel1.win32_1.1.0.202305231506/tools/bin/../lib/gcc/arm-none-eabi/11.3.1/../../../../arm-none-eabi/lib/thumb/v7e-m+fp/hard\libc_nano.a(libc_a-exit.o) (__stdio_exit_handler)
C:/ST/STM32CubeIDE_1.13.1/STM32CubeIDE/plugins/com.st.stm32cube.ide.mcu.externaltools.gnu-tools-for-stm32.11.3.rel1.win32_1.1.0.202305231506/tools/bin/../lib/gcc/arm-none-eabi/11.3.1/../../../../arm-none-eabi/lib/thumb/v7e-m+fp/hard\libc_nano.a(libc_a-fwalk.o)
                              C:/ST/STM32CubeIDE_1.13.1/STM32CubeIDE/plugins/com.st.stm32cube.ide.mcu.externaltools.gnu-tools-for-stm32.11.3.rel1.win32_1.1.0.202305231506/tools/bin/../lib/gcc/arm-none-eabi/11.3.1/../../../../arm-none-eabi/lib/thumb/v7e-m+fp/hard\libc_nano.a(libc_a-findfp.o) (_fwalk_sglue)
C:/ST/STM32CubeIDE_1.13.1/STM32CubeIDE/plugins/com.st.stm32cube.ide.mcu.externaltools.gnu-tools-for-stm32.11.3.rel1.win32_1.1.0.202305231506/tools/bin/../lib/gcc/arm-none-eabi/11.3.1/../../../../arm-none-eabi/lib/thumb/v7e-m+fp/hard\libc_nano.a(libc_a-stdio.o)
                              C:/ST/STM32CubeIDE_1.13.1/STM32CubeIDE/plugins/com.st.stm32cube.ide.mcu.externaltools.gnu-tools-for-stm32.11.3.rel1.win32_1.1.0.202305231506/tools/bin/../lib/gcc/arm-none-eabi/11.3.1/../../../../arm-none-eabi/lib/thumb/v7e-m+fp/hard\libc_nano.a(libc_a-findfp.o) (__sread)
C:/ST/STM32CubeIDE_1.13.1/STM32CubeIDE/plugins/com.st.stm32cube.ide.mcu.externaltools.gnu-tools-for-stm32.11.3.rel1.win32_1.1.0.202305231506/tools/bin/../lib/gcc/arm-none-eabi/11.3.1/../../../../arm-none-eabi/lib/thumb/v7e-m+fp/hard\libc_nano.a(libc_a-memset.o)
                              C:/ST/STM32CubeIDE_1.13.1/STM32CubeIDE/plugins/com.st.stm32cube.ide.mcu.externaltools.gnu-tools-for-stm32.11.3.rel1.win32_1.1.0.202305231506/tools/bin/../lib/gcc/arm-none-eabi/11.3.1/../../../../arm-none-eabi/lib/thumb/v7e-m+fp/hard/crt0.o (memset)
C:/ST/STM32CubeIDE_1.13.1/STM32CubeIDE/plugins/com.st.stm32cube.ide.mcu.externaltools.gnu-tools-for-stm32.11.3.rel1.win32_1.1.0.202305231506/tools/bin/../lib/gcc/arm-none-eabi/11.3.1/../../../../arm-none-eabi/lib/thumb/v7e-m+fp/hard\libc_nano.a(libc_a-closer.o)
                              C:/ST/STM32CubeIDE_1.13.1/STM32CubeIDE/plugins/com.st.stm32cube.ide.mcu.externaltools.gnu-tools-for-stm32.11.3.rel1.win32_1.1.0.202305231506/tools/bin/../lib/gcc/arm-none-eabi/11.3.1/../../../../arm-none-eabi/lib/thumb/v7e-m+fp/hard\libc_nano.a(libc_a-stdio.o) (_close_r)
C:/ST/STM32CubeIDE_1.13.1/STM32CubeIDE/plugins/com.st.stm32cube.ide.mcu.externaltools.gnu-tools-for-stm32.11.3.rel1.win32_1.1.0.202305231506/tools/bin/../lib/gcc/arm-none-eabi/11.3.1/../../../../arm-none-eabi/lib/thumb/v7e-m+fp/hard\libc_nano.a(libc_a-reent.o)
                              C:/ST/STM32CubeIDE_1.13.1/STM32CubeIDE/plugins/com.st.stm32cube.ide.mcu.externaltools.gnu-tools-for-stm32.11.3.rel1.win32_1.1.0.202305231506/tools/bin/../lib/gcc/arm-none-eabi/11.3.1/../../../../arm-none-eabi/lib/thumb/v7e-m+fp/hard\libc_nano.a(libc_a-closer.o) (errno)
C:/ST/STM32CubeIDE_1.13.1/STM32CubeIDE/plugins/com.st.stm32cube.ide.mcu.externaltools.gnu-tools-for-stm32.11.3.rel1.win32_1.1.0.202305231506/tools/bin/../lib/gcc/arm-none-eabi/11.3.1/../../../../arm-none-eabi/lib/thumb/v7e-m+fp/hard\libc_nano.a(libc_a-impure.o)
                              C:/ST/STM32CubeIDE_1.13.1/STM32CubeIDE/plugins/com.st.stm32cube.ide.mcu.externaltools.gnu-tools-for-stm32.11.3.rel1.win32_1.1.0.202305231506/tools/bin/../lib/gcc/arm-none-eabi/11.3.1/../../../../arm-none-eabi/lib/thumb/v7e-m+fp/hard\libc_nano.a(libc_a-reent.o) (_impure_ptr)
C:/ST/STM32CubeIDE_1.13.1/STM32CubeIDE/plugins/com.st.stm32cube.ide.mcu.externaltools.gnu-tools-for-stm32.11.3.rel1.win32_1.1.0.202305231506/tools/bin/../lib/gcc/arm-none-eabi/11.3.1/../../../../arm-none-eabi/lib/thumb/v7e-m+fp/hard\libc_nano.a(libc_a-lseekr.o)
[...]
Memory Configuration

Name             Origin             Length             Attributes
RAM              0x0000000020000000 0x000000000001c000 xrw
FLASH            0x0000000008000000 0x0000000000080000 xr
*default*        0x0000000000000000 0xffffffffffffffff

Linker script and memory map

LOAD C:/ST/STM32CubeIDE_1.13.1/STM32CubeIDE/plugins/com.st.stm32cube.ide.mcu.externaltools.gnu-tools-for-stm32.11.3.rel1.win32_1.1.0.202305231506/tools/bin/../lib/gcc/arm-none-eabi/11.3.1/thumb/v7e-m+fp/hard/crti.o
LOAD C:/ST/STM32CubeIDE_1.13.1/STM32CubeIDE/plugins/com.st.stm32cube.ide.mcu.externaltools.gnu-tools-for-stm32.11.3.rel1.win32_1.1.0.202305231506/tools/bin/../lib/gcc/arm-none-eabi/11.3.1/thumb/v7e-m+fp/hard/crtbegin.o
LOAD C:/ST/STM32CubeIDE_1.13.1/STM32CubeIDE/plugins/com.st.stm32cube.ide.mcu.externaltools.gnu-tools-for-stm32.11.3.rel1.win32_1.1.0.202305231506/tools/bin/../lib/gcc/arm-none-eabi/11.3.1/../../../../arm-none-eabi/lib/thumb/v7e-m+fp/hard/crt0.o
LOAD ./Core/Src/main.o
LOAD ./Core/Src/stm32g4xx_hal_msp.o
LOAD ./Core/Src/stm32g4xx_it.o
LOAD ./Core/Src/syscalls.o
LOAD ./Core/Src/sysmem.o
LOAD ./Core/Src/system_stm32g4xx.o
LOAD ./Core/Src/tim.o
LOAD ./Core/Startup/startup_stm32g491retx.o
LOAD ./Drivers/STM32G4xx_HAL_Driver/Src/stm32g4xx_hal.o
LOAD ./Drivers/STM32G4xx_HAL_Driver/Src/stm32g4xx_hal_cortex.o
LOAD ./Drivers/STM32G4xx_HAL_Driver/Src/stm32g4xx_hal_dma.o
LOAD ./Drivers/STM32G4xx_HAL_Driver/Src/stm32g4xx_hal_dma_ex.o
LOAD ./Drivers/STM32G4xx_HAL_Driver/Src/stm32g4xx_hal_exti.o
LOAD ./Drivers/STM32G4xx_HAL_Driver/Src/stm32g4xx_hal_flash.o
LOAD ./Drivers/STM32G4xx_HAL_Driver/Src/stm32g4xx_hal_flash_ex.o
LOAD ./Drivers/STM32G4xx_HAL_Driver/Src/stm32g4xx_hal_flash_ramfunc.o
LOAD ./Drivers/STM32G4xx_HAL_Driver/Src/stm32g4xx_hal_gpio.o
LOAD ./Drivers/STM32G4xx_HAL_Driver/Src/stm32g4xx_hal_pcd.o
LOAD ./Drivers/STM32G4xx_HAL_Driver/Src/stm32g4xx_hal_pcd_ex.o
LOAD ./Drivers/STM32G4xx_HAL_Driver/Src/stm32g4xx_hal_pwr.o
LOAD ./Drivers/STM32G4xx_HAL_Driver/Src/stm32g4xx_hal_pwr_ex.o
LOAD ./Drivers/STM32G4xx_HAL_Driver/Src/stm32g4xx_hal_rcc.o
LOAD ./Drivers/STM32G4xx_HAL_Driver/Src/stm32g4xx_hal_rcc_ex.o
LOAD ./Drivers/STM32G4xx_HAL_Driver/Src/stm32g4xx_hal_tim.o
LOAD ./Drivers/STM32G4xx_HAL_Driver/Src/stm32g4xx_hal_tim_ex.o
LOAD ./Drivers/STM32G4xx_HAL_Driver/Src/stm32g4xx_ll_usb.o
START GROUP
LOAD C:/ST/STM32CubeIDE_1.13.1/STM32CubeIDE/plugins/com.st.stm32cube.ide.mcu.externaltools.gnu-tools-for-stm32.11.3.rel1.win32_1.1.0.202305231506/tools/bin/../lib/gcc/arm-none-eabi/11.3.1/../../../../arm-none-eabi/lib/thumb/v7e-m+fp/hard\libc_nano.a
LOAD C:/ST/STM32CubeIDE_1.13.1/STM32CubeIDE/plugins/com.st.stm32cube.ide.mcu.externaltools.gnu-tools-for-stm32.11.3.rel1.win32_1.1.0.202305231506/tools/bin/../lib/gcc/arm-none-eabi/11.3.1/../../../../arm-none-eabi/lib/thumb/v7e-m+fp/hard\libm.a
END GROUP
START GROUP
LOAD C:/ST/STM32CubeIDE_1.13.1/STM32CubeIDE/plugins/com.st.stm32cube.ide.mcu.externaltools.gnu-tools-for-stm32.11.3.rel1.win32_1.1.0.202305231506/tools/bin/../lib/gcc/arm-none-eabi/11.3.1/thumb/v7e-m+fp/hard\libgcc.a
LOAD C:/ST/STM32CubeIDE_1.13.1/STM32CubeIDE/plugins/com.st.stm32cube.ide.mcu.externaltools.gnu-tools-for-stm32.11.3.rel1.win32_1.1.0.202305231506/tools/bin/../lib/gcc/arm-none-eabi/11.3.1/../../../../arm-none-eabi/lib/thumb/v7e-m+fp/hard\libc_nano.a
END GROUP
START GROUP
LOAD C:/ST/STM32CubeIDE_1.13.1/STM32CubeIDE/plugins/com.st.stm32cube.ide.mcu.externaltools.gnu-tools-for-stm32.11.3.rel1.win32_1.1.0.202305231506/tools/bin/../lib/gcc/arm-none-eabi/11.3.1/thumb/v7e-m+fp/hard\libgcc.a
LOAD C:/ST/STM32CubeIDE_1.13.1/STM32CubeIDE/plugins/com.st.stm32cube.ide.mcu.externaltools.gnu-tools-for-stm32.11.3.rel1.win32_1.1.0.202305231506/tools/bin/../lib/gcc/arm-none-eabi/11.3.1/../../../../arm-none-eabi/lib/thumb/v7e-m+fp/hard\libc_nano.a
LOAD C:/ST/STM32CubeIDE_1.13.1/STM32CubeIDE/plugins/com.st.stm32cube.ide.mcu.externaltools.gnu-tools-for-stm32.11.3.rel1.win32_1.1.0.202305231506/tools/bin/../lib/gcc/arm-none-eabi/11.3.1/../../../../arm-none-eabi/lib/thumb/v7e-m+fp/hard\libnosys.a
END GROUP
START GROUP
LOAD C:/ST/STM32CubeIDE_1.13.1/STM32CubeIDE/plugins/com.st.stm32cube.ide.mcu.externaltools.gnu-tools-for-stm32.11.3.rel1.win32_1.1.0.202305231506/tools/bin/../lib/gcc/arm-none-eabi/11.3.1/thumb/v7e-m+fp/hard\libgcc.a
LOAD C:/ST/STM32CubeIDE_1.13.1/STM32CubeIDE/plugins/com.st.stm32cube.ide.mcu.externaltools.gnu-tools-for-stm32.11.3.rel1.win32_1.1.0.202305231506/tools/bin/../lib/gcc/arm-none-eabi/11.3.1/../../../../arm-none-eabi/lib/thumb/v7e-m+fp/hard\libc_nano.a
LOAD C:/ST/STM32CubeIDE_1.13.1/STM32CubeIDE/plugins/com.st.stm32cube.ide.mcu.externaltools.gnu-tools-for-stm32.11.3.rel1.win32_1.1.0.202305231506/tools/bin/../lib/gcc/arm-none-eabi/11.3.1/../../../../arm-none-eabi/lib/thumb/v7e-m+fp/hard\libnosys.a
END GROUP
LOAD C:/ST/STM32CubeIDE_1.13.1/STM32CubeIDE/plugins/com.st.stm32cube.ide.mcu.externaltools.gnu-tools-for-stm32.11.3.rel1.win32_1.1.0.202305231506/tools/bin/../lib/gcc/arm-none-eabi/11.3.1/thumb/v7e-m+fp/hard/crtend.o
LOAD C:/ST/STM32CubeIDE_1.13.1/STM32CubeIDE/plugins/com.st.stm32cube.ide.mcu.externaltools.gnu-tools-for-stm32.11.3.rel1.win32_1.1.0.202305231506/tools/bin/../lib/gcc/arm-none-eabi/11.3.1/thumb/v7e-m+fp/hard/crtn.o
                0x000000002001c000                _estack = (ORIGIN (RAM) + LENGTH (RAM))
                0x0000000000000200                _Min_Heap_Size = 0x200
                0x0000000000000400                _Min_Stack_Size = 0x400

.isr_vector     0x0000000008000000      0x1d8
                0x0000000008000000                . = ALIGN (0x4)
 *(.isr_vector)
 .isr_vector    0x0000000008000000      0x1d8 ./Core/Startup/startup_stm32g491retx.o
                0x0000000008000000                g_pfnVectors
                0x00000000080001d8                . = ALIGN (0x4)

.text           0x00000000080001d8     0x2178
                0x00000000080001d8                . = ALIGN (0x4)
 *(.text)
 .text          0x00000000080001d8       0x40 C:/ST/STM32CubeIDE_1.13.1/STM32CubeIDE/plugins/com.st.stm32cube.ide.mcu.externaltools.gnu-tools-for-stm32.11.3.rel1.win32_1.1.0.202305231506/tools/bin/../lib/gcc/arm-none-eabi/11.3.1/thumb/v7e-m+fp/hard/crtbegin.o
 *(.text*)
 .text.main     0x0000000008000218       0x2a ./Core/Src/main.o
                0x0000000008000218                main
 .text.SystemClock_Config
                0x0000000008000242       0x84 ./Core/Src/main.o
                0x0000000008000242                SystemClock_Config
 *fill*         0x00000000080002c6        0x2 
 .text.MX_USB_PCD_Init
                0x00000000080002c8       0x50 ./Core/Src/main.o
 .text.MX_GPIO_Init
                0x0000000008000318      0x100 ./Core/Src/main.o
 .text.SetDutyCycle
                0x0000000008000418       0x68 ./Core/Src/main.o
                0x0000000008000418                SetDutyCycle
 .text.reverse  0x0000000008000480       0x1c ./Core/Src/main.o
                0x0000000008000480                reverse
 .text.Error_Handler
                0x000000000800049c        0xa ./Core/Src/main.o
                0x000000000800049c                Error_Handler
 *fill*         0x00000000080004a6        0x2 
 .text.HAL_MspInit
                0x00000000080004a8       0x48 ./Core/Src/stm32g4xx_hal_msp.o
                0x00000000080004a8                HAL_MspInit
 .text.HAL_PCD_MspInit
                0x00000000080004f0       0x68 ./Core/Src/stm32g4xx_hal_msp.o
                0x00000000080004f0                HAL_PCD_MspInit
 .text.NMI_Handler
                0x0000000008000558        0x6 ./Core/Src/stm32g4xx_it.o
                0x0000000008000558                NMI_Handler
 .text.HardFault_Handler
                0x000000000800055e        0x6 ./Core/Src/stm32g4xx_it.o
                0x000000000800055e                HardFault_Handler
 .text.MemManage_Handler
                0x0000000008000564        0x6 ./Core/Src/stm32g4xx_it.o
                0x0000000008000564                MemManage_Handler
 .text.BusFault_Handler
                0x000000000800056a        0x6 ./Core/Src/stm32g4xx_it.o
                0x000000000800056a                BusFault_Handler
 .text.UsageFault_Handler
                0x0000000008000570        0x6 ./Core/Src/stm32g4xx_it.o
                0x0000000008000570                UsageFault_Handler
 .text.SVC_Handler
                0x0000000008000576        0xe ./Core/Src/stm32g4xx_it.o
                0x0000000008000576                SVC_Handler
 .text.DebugMon_Handler
                0x0000000008000584        0xe ./Core/Src/stm32g4xx_it.o
                0x0000000008000584                DebugMon_Handler
 .text.PendSV_Handler
                0x0000000008000592        0xe ./Core/Src/stm32g4xx_it.o
                0x0000000008000592                PendSV_Handler
 .text.SysTick_Handler
                0x00000000080005a0        0xc ./Core/Src/stm32g4xx_it.o
                0x00000000080005a0                SysTick_Handler
 .text.SystemInit
                0x00000000080005ac       0x24 ./Core/Src/system_stm32g4xx.o
                0x00000000080005ac                SystemInit
 .text.MX_TIM6_Init
                0x00000000080005d0       0x6c ./Core/Src/tim.o
                0x00000000080005d0                MX_TIM6_Init
 .text.HAL_TIM_Base_MspInit
                0x000000000800063c       0x4c ./Core/Src/tim.o
                0x000000000800063c                HAL_TIM_Base_MspInit
 .text.Reset_Handler
                0x0000000008000688       0x50 ./Core/Startup/startup_stm32g491retx.o
                0x0000000008000688                Reset_Handler
 .text.Default_Handler
                0x00000000080006d8        0x2 ./Core/Startup/startup_stm32g491retx.o
                0x00000000080006d8                RTC_Alarm_IRQHandler
                0x00000000080006d8                EXTI2_IRQHandler
                0x00000000080006d8                TIM8_TRG_COM_IRQHandler
                0x00000000080006d8                TIM8_CC_IRQHandler
                0x00000000080006d8                TIM1_CC_IRQHandler
                0x00000000080006d8                USB_HP_IRQHandler
                0x00000000080006d8                CORDIC_IRQHandler
                0x00000000080006d8                DMA2_Channel8_IRQHandler
                0x00000000080006d8                EXTI3_IRQHandler
                0x00000000080006d8                I2C3_ER_IRQHandler
                0x00000000080006d8                EXTI0_IRQHandler
                0x00000000080006d8                I2C2_EV_IRQHandler
                0x00000000080006d8                FPU_IRQHandler
                0x00000000080006d8                FDCAN1_IT1_IRQHandler
                0x00000000080006d8                TIM1_UP_TIM16_IRQHandler
                0x00000000080006d8                ADC1_2_IRQHandler
                0x00000000080006d8                SPI1_IRQHandler
                0x00000000080006d8                TIM6_DAC_IRQHandler
                0x00000000080006d8                TIM8_UP_IRQHandler
                0x00000000080006d8                DMA2_Channel2_IRQHandler
                0x00000000080006d8                DMA1_Channel4_IRQHandler
                0x00000000080006d8                TIM20_TRG_COM_IRQHandler
                0x00000000080006d8                USART3_IRQHandler
                0x00000000080006d8                DMA1_Channel7_IRQHandler
                0x00000000080006d8                UART5_IRQHandler
                0x00000000080006d8                ADC3_IRQHandler
                0x00000000080006d8                TIM4_IRQHandler
                0x00000000080006d8                DMA2_Channel1_IRQHandler
                0x00000000080006d8                QUADSPI_IRQHandler
                0x00000000080006d8                I2C1_EV_IRQHandler
                0x00000000080006d8                DMA1_Channel6_IRQHandler
                0x00000000080006d8                UART4_IRQHandler
                0x00000000080006d8                DMA2_Channel4_IRQHandler
                0x00000000080006d8                TIM3_IRQHandler
                0x00000000080006d8                RCC_IRQHandler
                0x00000000080006d8                TIM20_UP_IRQHandler
                0x00000000080006d8                DMA1_Channel1_IRQHandler
                0x00000000080006d8                Default_Handler
                0x00000000080006d8                DMA2_Channel7_IRQHandler
                0x00000000080006d8                RTC_TAMP_LSECSS_IRQHandler
                0x00000000080006d8                FMAC_IRQHandler
                0x00000000080006d8                EXTI15_10_IRQHandler
                0x00000000080006d8                DMA1_Channel8_IRQHandler
                0x00000000080006d8                TIM7_IRQHandler
                0x00000000080006d8                UCPD1_IRQHandler
                0x00000000080006d8                I2C3_EV_IRQHandler
                0x00000000080006d8                EXTI9_5_IRQHandler
                0x00000000080006d8                RTC_WKUP_IRQHandler
                0x00000000080006d8                PVD_PVM_IRQHandler
                0x00000000080006d8                SPI2_IRQHandler
                0x00000000080006d8                DMA2_Channel5_IRQHandler
                0x00000000080006d8                CRS_IRQHandler
                0x00000000080006d8                DMA1_Channel5_IRQHandler
                0x00000000080006d8                USB_LP_IRQHandler
                0x00000000080006d8                EXTI4_IRQHandler
                0x00000000080006d8                RNG_IRQHandler
                0x00000000080006d8                TIM1_TRG_COM_TIM17_IRQHandler
                0x00000000080006d8                FDCAN2_IT1_IRQHandler
                0x00000000080006d8                DMA1_Channel3_IRQHandler
                0x00000000080006d8                WWDG_IRQHandler
                0x00000000080006d8                FDCAN2_IT0_IRQHandler
                0x00000000080006d8                LPUART1_IRQHandler
                0x00000000080006d8                DMA2_Channel6_IRQHandler
                0x00000000080006d8                FDCAN1_IT0_IRQHandler
                0x00000000080006d8                TIM2_IRQHandler
                0x00000000080006d8                COMP1_2_3_IRQHandler
                0x00000000080006d8                EXTI1_IRQHandler
                0x00000000080006d8                USART2_IRQHandler
                0x00000000080006d8                TIM20_BRK_IRQHandler
                0x00000000080006d8                I2C2_ER_IRQHandler
                0x00000000080006d8                DMA1_Channel2_IRQHandler
                0x00000000080006d8                TIM8_BRK_IRQHandler
                0x00000000080006d8                FLASH_IRQHandler
                0x00000000080006d8                TIM20_CC_IRQHandler
                0x00000000080006d8                USART1_IRQHandler
                0x00000000080006d8                SPI3_IRQHandler
                0x00000000080006d8                I2C1_ER_IRQHandler
                0x00000000080006d8                LPTIM1_IRQHandler
                0x00000000080006d8                DMAMUX_OVR_IRQHandler
                0x00000000080006d8                USBWakeUp_IRQHandler
                0x00000000080006d8                SAI1_IRQHandler
                0x00000000080006d8                DMA2_Channel3_IRQHandler
                0x00000000080006d8                COMP4_IRQHandler
                0x00000000080006d8                TIM1_BRK_TIM15_IRQHandler
 .text.HAL_Init
                0x00000000080006da       0x30 ./Drivers/STM32G4xx_HAL_Driver/Src/stm32g4xx_hal.o
                0x00000000080006da                HAL_Init
 *fill*         0x000000000800070a        0x2 
 .text.HAL_InitTick
                0x000000000800070c       0x74 ./Drivers/STM32G4xx_HAL_Driver/Src/stm32g4xx_hal.o
                0x000000000800070c                HAL_InitTick
 .text.HAL_IncTick
                0x0000000008000780       0x24 ./Drivers/STM32G4xx_HAL_Driver/Src/stm32g4xx_hal.o
                0x0000000008000780                HAL_IncTick
 .text.HAL_GetTick
                0x00000000080007a4       0x18 ./Drivers/STM32G4xx_HAL_Driver/Src/stm32g4xx_hal.o
                0x00000000080007a4                HAL_GetTick
 .text.HAL_Delay
                0x00000000080007bc       0x44 ./Drivers/STM32G4xx_HAL_Driver/Src/stm32g4xx_hal.o
                0x00000000080007bc                HAL_Delay
 .text.__NVIC_SetPriorityGrouping
                0x0000000008000800       0x48 ./Drivers/STM32G4xx_HAL_Driver/Src/stm32g4xx_hal_cortex.o
 .text.__NVIC_GetPriorityGrouping
                0x0000000008000848       0x1c ./Drivers/STM32G4xx_HAL_Driver/Src/stm32g4xx_hal_cortex.o
 .text.__NVIC_EnableIRQ
                0x0000000008000864       0x3c ./Drivers/STM32G4xx_HAL_Driver/Src/stm32g4xx_hal_cortex.o
 .text.__NVIC_SetPriority
                0x00000000080008a0       0x54 ./Drivers/STM32G4xx_HAL_Driver/Src/stm32g4xx_hal_cortex.o
 .text.NVIC_EncodePriority
                0x00000000080008f4       0x66 ./Drivers/STM32G4xx_HAL_Driver/Src/stm32g4xx_hal_cortex.o
 *fill*         0x000000000800095a        0x2 
 .text.SysTick_Config
                0x000000000800095c       0x44 ./Drivers/STM32G4xx_HAL_Driver/Src/stm32g4xx_hal_cortex.o
 .text.HAL_NVIC_SetPriorityGrouping
                0x00000000080009a0       0x16 ./Drivers/STM32G4xx_HAL_Driver/Src/stm32g4xx_hal_cortex.o
                0x00000000080009a0                HAL_NVIC_SetPriorityGrouping
 .text.HAL_NVIC_SetPriority
                0x00000000080009b6       0x34 ./Drivers/STM32G4xx_HAL_Driver/Src/stm32g4xx_hal_cortex.o
                0x00000000080009b6                HAL_NVIC_SetPriority
 .text.HAL_NVIC_EnableIRQ
                0x00000000080009ea       0x1c ./Drivers/STM32G4xx_HAL_Driver/Src/stm32g4xx_hal_cortex.o
                0x00000000080009ea                HAL_NVIC_EnableIRQ
 .text.HAL_SYSTICK_Config
                0x0000000008000a06       0x18 ./Drivers/STM32G4xx_HAL_Driver/Src/stm32g4xx_hal_cortex.o
                0x0000000008000a06                HAL_SYSTICK_Config
 *fill*         0x0000000008000a1e        0x2 
 .text.HAL_GPIO_Init
                0x0000000008000a20      0x304 ./Drivers/STM32G4xx_HAL_Driver/Src/stm32g4xx_hal_gpio.o
                0x0000000008000a20                HAL_GPIO_Init
 .text.HAL_GPIO_WritePin
                0x0000000008000d24       0x30 ./Drivers/STM32G4xx_HAL_Driver/Src/stm32g4xx_hal_gpio.o
                0x0000000008000d24                HAL_GPIO_WritePin
 .text.HAL_GPIO_TogglePin
                0x0000000008000d54       0x34 ./Drivers/STM32G4xx_HAL_Driver/Src/stm32g4xx_hal_gpio.o
                0x0000000008000d54                HAL_GPIO_TogglePin
 .text.HAL_PCD_Init
                0x0000000008000d88      0x1ca ./Drivers/STM32G4xx_HAL_Driver/Src/stm32g4xx_hal_pcd.o
                0x0000000008000d88                HAL_PCD_Init
 .text.HAL_PCDEx_ActivateLPM
                0x0000000008000f52       0x54 ./Drivers/STM32G4xx_HAL_Driver/Src/stm32g4xx_hal_pcd_ex.o
                0x0000000008000f52                HAL_PCDEx_ActivateLPM
 *fill*         0x0000000008000fa6        0x2 
 .text.HAL_PWREx_ControlVoltageScaling
                0x0000000008000fa8      0x148 ./Drivers/STM32G4xx_HAL_Driver/Src/stm32g4xx_hal_pwr_ex.o
                0x0000000008000fa8                HAL_PWREx_ControlVoltageScaling
 .text.HAL_RCC_OscConfig
                0x00000000080010f0      0x630 ./Drivers/STM32G4xx_HAL_Driver/Src/stm32g4xx_hal_rcc.o
                0x00000000080010f0                HAL_RCC_OscConfig
 .text.HAL_RCC_ClockConfig
                0x0000000008001720      0x278 ./Drivers/STM32G4xx_HAL_Driver/Src/stm32g4xx_hal_rcc.o
                0x0000000008001720                HAL_RCC_ClockConfig
 .text.HAL_RCC_GetSysClockFreq
                0x0000000008001998       0xc4 ./Drivers/STM32G4xx_HAL_Driver/Src/stm32g4xx_hal_rcc.o
                0x0000000008001998                HAL_RCC_GetSysClockFreq
 .text.RCC_GetSysClockFreqFromPLLSource
                0x0000000008001a5c       0x8c ./Drivers/STM32G4xx_HAL_Driver/Src/stm32g4xx_hal_rcc.o
 .text.HAL_RCCEx_PeriphCLKConfig
                0x0000000008001ae8      0x478 ./Drivers/STM32G4xx_HAL_Driver/Src/stm32g4xx_hal_rcc_ex.o
                0x0000000008001ae8                HAL_RCCEx_PeriphCLKConfig
 .text.HAL_TIM_Base_Init
                0x0000000008001f60       0xae ./Drivers/STM32G4xx_HAL_Driver/Src/stm32g4xx_hal_tim.o
                0x0000000008001f60                HAL_TIM_Base_Init
 *fill*         0x000000000800200e        0x2 
 .text.TIM_Base_SetConfig
                0x0000000008002010      0x13c ./Drivers/STM32G4xx_HAL_Driver/Src/stm32g4xx_hal_tim.o
                0x0000000008002010                TIM_Base_SetConfig
 .text.HAL_TIMEx_MasterConfigSynchronization
                0x000000000800214c      0x11c ./Drivers/STM32G4xx_HAL_Driver/Src/stm32g4xx_hal_tim_ex.o
                0x000000000800214c                HAL_TIMEx_MasterConfigSynchronization
 .text.USB_DisableGlobalInt
                0x0000000008002268       0x36 ./Drivers/STM32G4xx_HAL_Driver/Src/stm32g4xx_ll_usb.o
                0x0000000008002268                USB_DisableGlobalInt
 .text.USB_DevInit
                0x000000000800229e       0x42 ./Drivers/STM32G4xx_HAL_Driver/Src/stm32g4xx_ll_usb.o
                0x000000000800229e                USB_DevInit
 .text.memset   0x00000000080022e0       0x10 C:/ST/STM32CubeIDE_1.13.1/STM32CubeIDE/plugins/com.st.stm32cube.ide.mcu.externaltools.gnu-tools-for-stm32.11.3.rel1.win32_1.1.0.202305231506/tools/bin/../lib/gcc/arm-none-eabi/11.3.1/../../../../arm-none-eabi/lib/thumb/v7e-m+fp/hard\libc_nano.a(libc_a-memset.o)
                0x00000000080022e0                memset
 .text.__libc_init_array
                0x00000000080022f0       0x48 C:/ST/STM32CubeIDE_1.13.1/STM32CubeIDE/plugins/com.st.stm32cube.ide.mcu.externaltools.gnu-tools-for-stm32.11.3.rel1.win32_1.1.0.202305231506/tools/bin/../lib/gcc/arm-none-eabi/11.3.1/../../../../arm-none-eabi/lib/thumb/v7e-m+fp/hard\libc_nano.a(libc_a-init.o)
                0x00000000080022f0                __libc_init_array
 *(.glue_7)
 .glue_7        0x0000000008002338        0x0 linker stubs
 *(.glue_7t)
 .glue_7t       0x0000000008002338        0x0 linker stubs
 *(.eh_frame)
 .eh_frame      0x0000000008002338        0x0 C:/ST/STM32CubeIDE_1.13.1/STM32CubeIDE/plugins/com.st.stm32cube.ide.mcu.externaltools.gnu-tools-for-stm32.11.3.rel1.win32_1.1.0.202305231506/tools/bin/../lib/gcc/arm-none-eabi/11.3.1/thumb/v7e-m+fp/hard/crtbegin.o
 *(.init)
 .init          0x0000000008002338        0x4 C:/ST/STM32CubeIDE_1.13.1/STM32CubeIDE/plugins/com.st.stm32cube.ide.mcu.externaltools.gnu-tools-for-stm32.11.3.rel1.win32_1.1.0.202305231506/tools/bin/../lib/gcc/arm-none-eabi/11.3.1/thumb/v7e-m+fp/hard/crti.o
                0x0000000008002338                _init
 .init          0x000000000800233c        0x8 C:/ST/STM32CubeIDE_1.13.1/STM32CubeIDE/plugins/com.st.stm32cube.ide.mcu.externaltools.gnu-tools-for-stm32.11.3.rel1.win32_1.1.0.202305231506/tools/bin/../lib/gcc/arm-none-eabi/11.3.1/thumb/v7e-m+fp/hard/crtn.o
 *(.fini)
 .fini          0x0000000008002344        0x4 C:/ST/STM32CubeIDE_1.13.1/STM32CubeIDE/plugins/com.st.stm32cube.ide.mcu.externaltools.gnu-tools-for-stm32.11.3.rel1.win32_1.1.0.202305231506/tools/bin/../lib/gcc/arm-none-eabi/11.3.1/thumb/v7e-m+fp/hard/crti.o
                0x0000000008002344                _fini
 .fini          0x0000000008002348        0x8 C:/ST/STM32CubeIDE_1.13.1/STM32CubeIDE/plugins/com.st.stm32cube.ide.mcu.externaltools.gnu-tools-for-stm32.11.3.rel1.win32_1.1.0.202305231506/tools/bin/../lib/gcc/arm-none-eabi/11.3.1/thumb/v7e-m+fp/hard/crtn.o
                0x0000000008002350                . = ALIGN (0x4)
                0x0000000008002350                _etext = .

.vfp11_veneer   0x0000000008002350        0x0
 .vfp11_veneer  0x0000000008002350        0x0 linker stubs

.v4_bx          0x0000000008002350        0x0
 .v4_bx         0x0000000008002350        0x0 linker stubs

.iplt           0x0000000008002350        0x0
 .iplt          0x0000000008002350        0x0 C:/ST/STM32CubeIDE_1.13.1/STM32CubeIDE/plugins/com.st.stm32cube.ide.mcu.externaltools.gnu-tools-for-stm32.11.3.rel1.win32_1.1.0.202305231506/tools/bin/../lib/gcc/arm-none-eabi/11.3.1/thumb/v7e-m+fp/hard/crtbegin.o

.rodata         0x0000000008002350       0x10
                0x0000000008002350                . = ALIGN (0x4)
 *(.rodata)
 *(.rodata*)
 .rodata.AHBPrescTable
                0x0000000008002350       0x10 ./Core/Src/system_stm32g4xx.o
                0x0000000008002350                AHBPrescTable
                0x0000000008002360                . = ALIGN (0x4)

.rel.dyn        0x0000000008002360        0x0
 .rel.iplt      0x0000000008002360        0x0 C:/ST/STM32CubeIDE_1.13.1/STM32CubeIDE/plugins/com.st.stm32cube.ide.mcu.externaltools.gnu-tools-for-stm32.11.3.rel1.win32_1.1.0.202305231506/tools/bin/../lib/gcc/arm-none-eabi/11.3.1/thumb/v7e-m+fp/hard/crtbegin.o

.ARM.extab      0x0000000008002360        0x0
                0x0000000008002360                . = ALIGN (0x4)
 *(.ARM.extab* .gnu.linkonce.armextab.*)
                0x0000000008002360                . = ALIGN (0x4)

.ARM            0x0000000008002360        0x0
                0x0000000008002360                . = ALIGN (0x4)
                0x0000000008002360                __exidx_start = .
 *(.ARM.exidx*)
                0x0000000008002360                __exidx_end = .
                0x0000000008002360                . = ALIGN (0x4)

.preinit_array  0x0000000008002360        0x0
                0x0000000008002360                . = ALIGN (0x4)
                0x0000000008002360                PROVIDE (__preinit_array_start = .)
 *(.preinit_array*)
                0x0000000008002360                PROVIDE (__preinit_array_end = .)
                0x0000000008002360                . = ALIGN (0x4)

.init_array     0x0000000008002360        0x4
                0x0000000008002360                . = ALIGN (0x4)
                0x0000000008002360                PROVIDE (__init_array_start = .)
 *(SORT_BY_NAME(.init_array.*))
 *(.init_array*)
 .init_array    0x0000000008002360        0x4 C:/ST/STM32CubeIDE_1.13.1/STM32CubeIDE/plugins/com.st.stm32cube.ide.mcu.externaltools.gnu-tools-for-stm32.11.3.rel1.win32_1.1.0.202305231506/tools/bin/../lib/gcc/arm-none-eabi/11.3.1/thumb/v7e-m+fp/hard/crtbegin.o
                0x0000000008002364                PROVIDE (__init_array_end = .)
                0x0000000008002364                . = ALIGN (0x4)

.fini_array     0x0000000008002364        0x4
                0x0000000008002364                . = ALIGN (0x4)
                [!provide]                        PROVIDE (__fini_array_start = .)
 *(SORT_BY_NAME(.fini_array.*))
 *(.fini_array*)
 .fini_array    0x0000000008002364        0x4 C:/ST/STM32CubeIDE_1.13.1/STM32CubeIDE/plugins/com.st.stm32cube.ide.mcu.externaltools.gnu-tools-for-stm32.11.3.rel1.win32_1.1.0.202305231506/tools/bin/../lib/gcc/arm-none-eabi/11.3.1/thumb/v7e-m+fp/hard/crtbegin.o
                [!provide]                        PROVIDE (__fini_array_end = .)
                0x0000000008002368                . = ALIGN (0x4)
                0x0000000008002368                _sidata = LOADADDR (.data)

.data           0x0000000020000000        0xc load address 0x0000000008002368
                0x0000000020000000                . = ALIGN (0x4)
                0x0000000020000000                _sdata = .
 *(.data)
 *(.data*)
 .data.SystemCoreClock
                0x0000000020000000        0x4 ./Core/Src/system_stm32g4xx.o
                0x0000000020000000                SystemCoreClock
 .data.uwTickPrio
                0x0000000020000004        0x4 ./Drivers/STM32G4xx_HAL_Driver/Src/stm32g4xx_hal.o
                0x0000000020000004                uwTickPrio
 .data.uwTickFreq
                0x0000000020000008        0x4 ./Drivers/STM32G4xx_HAL_Driver/Src/stm32g4xx_hal.o
                0x0000000020000008                uwTickFreq
 *(.RamFunc)
 *(.RamFunc*)
                0x000000002000000c                . = ALIGN (0x4)
                0x000000002000000c                _edata = .

.igot.plt       0x000000002000000c        0x0 load address 0x0000000008002374
 .igot.plt      0x000000002000000c        0x0 C:/ST/STM32CubeIDE_1.13.1/STM32CubeIDE/plugins/com.st.stm32cube.ide.mcu.externaltools.gnu-tools-for-stm32.11.3.rel1.win32_1.1.0.202305231506/tools/bin/../lib/gcc/arm-none-eabi/11.3.1/thumb/v7e-m+fp/hard/crtbegin.o
                0x000000002000000c                . = ALIGN (0x4)

.bss            0x000000002000000c      0x360 load address 0x0000000008002374
                0x000000002000000c                _sbss = .
                0x000000002000000c                __bss_start__ = _sbss
 *(.bss)
 .bss           0x000000002000000c       0x1c C:/ST/STM32CubeIDE_1.13.1/STM32CubeIDE/plugins/com.st.stm32cube.ide.mcu.externaltools.gnu-tools-for-stm32.11.3.rel1.win32_1.1.0.202305231506/tools/bin/../lib/gcc/arm-none-eabi/11.3.1/thumb/v7e-m+fp/hard/crtbegin.o
 *(.bss*)
 .bss.hpcd_USB_FS
                0x0000000020000028      0x2f4 ./Core/Src/main.o
                0x0000000020000028                hpcd_USB_FS
 .bss.htim6     0x000000002000031c       0x4c ./Core/Src/main.o
                0x000000002000031c                htim6
 .bss.uwTick    0x0000000020000368        0x4 ./Drivers/STM32G4xx_HAL_Driver/Src/stm32g4xx_hal.o
                0x0000000020000368                uwTick
 *(COMMON)
                0x000000002000036c                . = ALIGN (0x4)
                0x000000002000036c                _ebss = .
                0x000000002000036c                __bss_end__ = _ebss

._user_heap_stack
                0x000000002000036c      0x604 load address 0x0000000008002374
                0x0000000020000370                . = ALIGN (0x8)
 *fill*         0x000000002000036c        0x4 
                [!provide]                        PROVIDE (end = .)
                0x0000000020000370                PROVIDE (_end = .)
                0x0000000020000570                . = (. + _Min_Heap_Size)
 *fill*         0x0000000020000370      0x200 
                0x0000000020000970                . = (. + _Min_Stack_Size)
 *fill*         0x0000000020000570      0x400 
                0x0000000020000970                . = ALIGN (0x8)

/DISCARD/
 libc.a(*)
 libm.a(*)
 libgcc.a(*)

.ARM.attributes
                0x0000000000000000       0x30
 *(.ARM.attributes)
 .ARM.attributes
                0x0000000000000000       0x1e C:/ST/STM32CubeIDE_1.13.1/STM32CubeIDE/plugins/com.st.stm32cube.ide.mcu.externaltools.gnu-tools-for-stm32.11.3.rel1.win32_1.1.0.202305231506/tools/bin/../lib/gcc/arm-none-eabi/11.3.1/thumb/v7e-m+fp/hard/crti.o
 .ARM.attributes
                0x000000000000001e       0x34 C:/ST/STM32CubeIDE_1.13.1/STM32CubeIDE/plugins/com.st.stm32cube.ide.mcu.externaltools.gnu-tools-for-stm32.11.3.rel1.win32_1.1.0.202305231506/tools/bin/../lib/gcc/arm-none-eabi/11.3.1/thumb/v7e-m+fp/hard/crtbegin.o
 .ARM.attributes
                0x0000000000000052       0x34 ./Core/Src/main.o
 .ARM.attributes
                0x0000000000000086       0x34 ./Core/Src/stm32g4xx_hal_msp.o
 .ARM.attributes
                0x00000000000000ba       0x34 ./Core/Src/stm32g4xx_it.o
 .ARM.attributes
                0x00000000000000ee       0x34 ./Core/Src/system_stm32g4xx.o
 .ARM.attributes
                0x0000000000000122       0x34 ./Core/Src/tim.o
 .ARM.attributes
                0x0000000000000156       0x21 ./Core/Startup/startup_stm32g491retx.o
 .ARM.attributes
                0x0000000000000177       0x34 ./Drivers/STM32G4xx_HAL_Driver/Src/stm32g4xx_hal.o
 .ARM.attributes
                0x00000000000001ab       0x34 ./Drivers/STM32G4xx_HAL_Driver/Src/stm32g4xx_hal_cortex.o
 .ARM.attributes
                0x00000000000001df       0x34 ./Drivers/STM32G4xx_HAL_Driver/Src/stm32g4xx_hal_gpio.o
 .ARM.attributes
                0x0000000000000213       0x34 ./Drivers/STM32G4xx_HAL_Driver/Src/stm32g4xx_hal_pcd.o
 .ARM.attributes
                0x0000000000000247       0x34 ./Drivers/STM32G4xx_HAL_Driver/Src/stm32g4xx_hal_pcd_ex.o
 .ARM.attributes
                0x000000000000027b       0x34 ./Drivers/STM32G4xx_HAL_Driver/Src/stm32g4xx_hal_pwr_ex.o
 .ARM.attributes
                0x00000000000002af       0x34 ./Drivers/STM32G4xx_HAL_Driver/Src/stm32g4xx_hal_rcc.o
 .ARM.attributes
                0x00000000000002e3       0x34 ./Drivers/STM32G4xx_HAL_Driver/Src/stm32g4xx_hal_rcc_ex.o
 .ARM.attributes
                0x0000000000000317       0x34 ./Drivers/STM32G4xx_HAL_Driver/Src/stm32g4xx_hal_tim.o
 .ARM.attributes
                0x000000000000034b       0x34 ./Drivers/STM32G4xx_HAL_Driver/Src/stm32g4xx_hal_tim_ex.o
 .ARM.attributes
                0x000000000000037f       0x34 ./Drivers/STM32G4xx_HAL_Driver/Src/stm32g4xx_ll_usb.o
 .ARM.attributes
                0x00000000000003b3       0x34 C:/ST/STM32CubeIDE_1.13.1/STM32CubeIDE/plugins/com.st.stm32cube.ide.mcu.externaltools.gnu-tools-for-stm32.11.3.rel1.win32_1.1.0.202305231506/tools/bin/../lib/gcc/arm-none-eabi/11.3.1/../../../../arm-none-eabi/lib/thumb/v7e-m+fp/hard\libc_nano.a(libc_a-memset.o)
 .ARM.attributes
                0x00000000000003e7       0x34 C:/ST/STM32CubeIDE_1.13.1/STM32CubeIDE/plugins/com.st.stm32cube.ide.mcu.externaltools.gnu-tools-for-stm32.11.3.rel1.win32_1.1.0.202305231506/tools/bin/../lib/gcc/arm-none-eabi/11.3.1/../../../../arm-none-eabi/lib/thumb/v7e-m+fp/hard\libc_nano.a(libc_a-init.o)
 .ARM.attributes
                0x000000000000041b       0x1e C:/ST/STM32CubeIDE_1.13.1/STM32CubeIDE/plugins/com.st.stm32cube.ide.mcu.externaltools.gnu-tools-for-stm32.11.3.rel1.win32_1.1.0.202305231506/tools/bin/../lib/gcc/arm-none-eabi/11.3.1/thumb/v7e-m+fp/hard/crtn.o
OUTPUT(motor_driver_g6491.elf elf32-littlearm)
LOAD linker stubs
LOAD C:/ST/STM32CubeIDE_1.13.1/STM32CubeIDE/plugins/com.st.stm32cube.ide.mcu.externaltools.gnu-tools-for-stm32.11.3.rel1.win32_1.1.0.202305231506/tools/bin/../lib/gcc/arm-none-eabi/11.3.1/../../../../arm-none-eabi/lib/thumb/v7e-m+fp/hard\libc.a
LOAD C:/ST/STM32CubeIDE_1.13.1/STM32CubeIDE/plugins/com.st.stm32cube.ide.mcu.externaltools.gnu-tools-for-stm32.11.3.rel1.win32_1.1.0.202305231506/tools/bin/../lib/gcc/arm-none-eabi/11.3.1/../../../../arm-none-eabi/lib/thumb/v7e-m+fp/hard\libm.a
LOAD C:/ST/STM32CubeIDE_1.13.1/STM32CubeIDE/plugins/com.st.stm32cube.ide.mcu.externaltools.gnu-tools-for-stm32.11.3.rel1.win32_1.1.0.202305231506/tools/bin/../lib/gcc/arm-none-eabi/11.3.1/thumb/v7e-m+fp/hard\libgcc.a

.comment        0x0000000000000000       0x43
 .comment       0x0000000000000000       0x43 C:/ST/STM32CubeIDE_1.13.1/STM32CubeIDE/plugins/com.st.stm32cube.ide.mcu.externaltools.gnu-tools-for-stm32.11.3.rel1.win32_1.1.0.202305231506/tools/bin/../lib/gcc/arm-none-eabi/11.3.1/thumb/v7e-m+fp/hard/crtbegin.o
                                         0x44 (size before relaxing)
 .comment       0x0000000000000043       0x44 ./Core/Src/main.o
 .comment       0x0000000000000043       0x44 ./Core/Src/stm32g4xx_hal_msp.o
 .comment       0x0000000000000043       0x44 ./Core/Src/stm32g4xx_it.o
 .comment       0x0000000000000043       0x44 ./Core/Src/system_stm32g4xx.o
 .comment       0x0000000000000043       0x44 ./Core/Src/tim.o
 .comment       0x0000000000000043       0x44 ./Drivers/STM32G4xx_HAL_Driver/Src/stm32g4xx_hal.o
 .comment       0x0000000000000043       0x44 ./Drivers/STM32G4xx_HAL_Driver/Src/stm32g4xx_hal_cortex.o
 .comment       0x0000000000000043       0x44 ./Drivers/STM32G4xx_HAL_Driver/Src/stm32g4xx_hal_gpio.o
 .comment       0x0000000000000043       0x44 ./Drivers/STM32G4xx_HAL_Driver/Src/stm32g4xx_hal_pcd.o
 .comment       0x0000000000000043       0x44 ./Drivers/STM32G4xx_HAL_Driver/Src/stm32g4xx_hal_pcd_ex.o
 .comment       0x0000000000000043       0x44 ./Drivers/STM32G4xx_HAL_Driver/Src/stm32g4xx_hal_pwr_ex.o
 .comment       0x0000000000000043       0x44 ./Drivers/STM32G4xx_HAL_Driver/Src/stm32g4xx_hal_rcc.o
 .comment       0x0000000000000043       0x44 ./Drivers/STM32G4xx_HAL_Driver/Src/stm32g4xx_hal_rcc_ex.o
 .comment       0x0000000000000043       0x44 ./Drivers/STM32G4xx_HAL_Driver/Src/stm32g4xx_hal_tim.o
 .comment       0x0000000000000043       0x44 ./Drivers/STM32G4xx_HAL_Driver/Src/stm32g4xx_hal_tim_ex.o
 .comment       0x0000000000000043       0x44 ./Drivers/STM32G4xx_HAL_Driver/Src/stm32g4xx_ll_usb.o

.debug_info     0x0000000000000000     0xef78
 .debug_info    0x0000000000000000     0x14c0 ./Core/Src/main.o
 .debug_info    0x00000000000014c0      0x98d ./Core/Src/stm32g4xx_hal_msp.o
 .debug_info    0x0000000000001e4d      0x113 ./Core/Src/stm32g4xx_it.o
 .debug_info    0x0000000000001f60      0x58e ./Core/Src/system_stm32g4xx.o
 .debug_info    0x00000000000024ee      0xdad ./Core/Src/tim.o
 .debug_info    0x000000000000329b       0x23 ./Core/Startup/startup_stm32g491retx.o
 .debug_info    0x00000000000032be      0xae7 ./Drivers/STM32G4xx_HAL_Driver/Src/stm32g4xx_hal.o
 .debug_info    0x0000000000003da5      0xd41 ./Drivers/STM32G4xx_HAL_Driver/Src/stm32g4xx_hal_cortex.o
 .debug_info    0x0000000000004ae6      0x763 ./Drivers/STM32G4xx_HAL_Driver/Src/stm32g4xx_hal_gpio.o
 .debug_info    0x0000000000005249     0x1578 ./Drivers/STM32G4xx_HAL_Driver/Src/stm32g4xx_hal_pcd.o
 .debug_info    0x00000000000067c1      0x815 ./Drivers/STM32G4xx_HAL_Driver/Src/stm32g4xx_hal_pcd_ex.o
 .debug_info    0x0000000000006fd6      0x93f ./Drivers/STM32G4xx_HAL_Driver/Src/stm32g4xx_hal_pwr_ex.o
 .debug_info    0x0000000000007915      0xb82 ./Drivers/STM32G4xx_HAL_Driver/Src/stm32g4xx_hal_rcc.o
 .debug_info    0x0000000000008497      0xc39 ./Drivers/STM32G4xx_HAL_Driver/Src/stm32g4xx_hal_rcc_ex.o
 .debug_info    0x00000000000090d0     0x2bfd ./Drivers/STM32G4xx_HAL_Driver/Src/stm32g4xx_hal_tim.o
 .debug_info    0x000000000000bccd     0x1d63 ./Drivers/STM32G4xx_HAL_Driver/Src/stm32g4xx_hal_tim_ex.o
 .debug_info    0x000000000000da30     0x1548 ./Drivers/STM32G4xx_HAL_Driver/Src/stm32g4xx_ll_usb.o

.debug_abbrev   0x0000000000000000     0x2416
 .debug_abbrev  0x0000000000000000      0x372 ./Core/Src/main.o
 .debug_abbrev  0x0000000000000372      0x1d7 ./Core/Src/stm32g4xx_hal_msp.o
 .debug_abbrev  0x0000000000000549       0x73 ./Core/Src/stm32g4xx_it.o
 .debug_abbrev  0x00000000000005bc      0x11a ./Core/Src/system_stm32g4xx.o
 .debug_abbrev  0x00000000000006d6      0x210 ./Core/Src/tim.o
 .debug_abbrev  0x00000000000008e6       0x12 ./Core/Startup/startup_stm32g491retx.o
 .debug_abbrev  0x00000000000008f8      0x271 ./Drivers/STM32G4xx_HAL_Driver/Src/stm32g4xx_hal.o
 .debug_abbrev  0x0000000000000b69      0x31c ./Drivers/STM32G4xx_HAL_Driver/Src/stm32g4xx_hal_cortex.o
 .debug_abbrev  0x0000000000000e85      0x1cb ./Drivers/STM32G4xx_HAL_Driver/Src/stm32g4xx_hal_gpio.o
 .debug_abbrev  0x0000000000001050      0x2b2 ./Drivers/STM32G4xx_HAL_Driver/Src/stm32g4xx_hal_pcd.o
 .debug_abbrev  0x0000000000001302      0x22a ./Drivers/STM32G4xx_HAL_Driver/Src/stm32g4xx_hal_pcd_ex.o
 .debug_abbrev  0x000000000000152c      0x22c ./Drivers/STM32G4xx_HAL_Driver/Src/stm32g4xx_hal_pwr_ex.o
 .debug_abbrev  0x0000000000001758      0x2c9 ./Drivers/STM32G4xx_HAL_Driver/Src/stm32g4xx_hal_rcc.o
 .debug_abbrev  0x0000000000001a21      0x258 ./Drivers/STM32G4xx_HAL_Driver/Src/stm32g4xx_hal_rcc_ex.o
 .debug_abbrev  0x0000000000001c79      0x2a0 ./Drivers/STM32G4xx_HAL_Driver/Src/stm32g4xx_hal_tim.o
 .debug_abbrev  0x0000000000001f19      0x2be ./Drivers/STM32G4xx_HAL_Driver/Src/stm32g4xx_hal_tim_ex.o
 .debug_abbrev  0x00000000000021d7      0x23f ./Drivers/STM32G4xx_HAL_Driver/Src/stm32g4xx_ll_usb.o

.debug_aranges  0x0000000000000000      0xef8
 .debug_aranges
                0x0000000000000000       0x68 ./Core/Src/main.o
 .debug_aranges
                0x0000000000000068       0x30 ./Core/Src/stm32g4xx_hal_msp.o
 .debug_aranges
                0x0000000000000098       0x60 ./Core/Src/stm32g4xx_it.o
 .debug_aranges
                0x00000000000000f8       0x28 ./Core/Src/system_stm32g4xx.o
 .debug_aranges
                0x0000000000000120       0x30 ./Core/Src/tim.o
 .debug_aranges
                0x0000000000000150       0x28 ./Core/Startup/startup_stm32g491retx.o
 .debug_aranges
                0x0000000000000178      0x130 ./Drivers/STM32G4xx_HAL_Driver/Src/stm32g4xx_hal.o
 .debug_aranges
                0x00000000000002a8      0x118 ./Drivers/STM32G4xx_HAL_Driver/Src/stm32g4xx_hal_cortex.o
 .debug_aranges
                0x00000000000003c0       0x58 ./Drivers/STM32G4xx_HAL_Driver/Src/stm32g4xx_hal_gpio.o
 .debug_aranges
                0x0000000000000418      0x130 ./Drivers/STM32G4xx_HAL_Driver/Src/stm32g4xx_hal_pcd.o
 .debug_aranges
                0x0000000000000548       0x58 ./Drivers/STM32G4xx_HAL_Driver/Src/stm32g4xx_hal_pcd_ex.o
 .debug_aranges
                0x00000000000005a0      0x140 ./Drivers/STM32G4xx_HAL_Driver/Src/stm32g4xx_hal_pwr_ex.o
 .debug_aranges
                0x00000000000006e0       0x98 ./Drivers/STM32G4xx_HAL_Driver/Src/stm32g4xx_hal_rcc.o
 .debug_aranges
                0x0000000000000778       0xb0 ./Drivers/STM32G4xx_HAL_Driver/Src/stm32g4xx_hal_rcc_ex.o
 .debug_aranges
                0x0000000000000828      0x3e0 ./Drivers/STM32G4xx_HAL_Driver/Src/stm32g4xx_hal_tim.o
 .debug_aranges
                0x0000000000000c08      0x240 ./Drivers/STM32G4xx_HAL_Driver/Src/stm32g4xx_hal_tim_ex.o
 .debug_aranges
                0x0000000000000e48       0xb0 ./Drivers/STM32G4xx_HAL_Driver/Src/stm32g4xx_ll_usb.o

.debug_rnglists
                0x0000000000000000      0xb78
 .debug_rnglists
                0x0000000000000000       0x4b ./Core/Src/main.o
 .debug_rnglists
                0x000000000000004b       0x1f ./Core/Src/stm32g4xx_hal_msp.o
 .debug_rnglists
                0x000000000000006a       0x43 ./Core/Src/stm32g4xx_it.o
 .debug_rnglists
                0x00000000000000ad       0x1a ./Core/Src/system_stm32g4xx.o
 .debug_rnglists
                0x00000000000000c7       0x1f ./Core/Src/tim.o
 .debug_rnglists
                0x00000000000000e6       0x19 ./Core/Startup/startup_stm32g491retx.o
 .debug_rnglists
                0x00000000000000ff       0xdf ./Drivers/STM32G4xx_HAL_Driver/Src/stm32g4xx_hal.o
 .debug_rnglists
                0x00000000000001de       0xce ./Drivers/STM32G4xx_HAL_Driver/Src/stm32g4xx_hal_cortex.o
 .debug_rnglists
                0x00000000000002ac       0x3f ./Drivers/STM32G4xx_HAL_Driver/Src/stm32g4xx_hal_gpio.o
 .debug_rnglists
                0x00000000000002eb       0xe9 ./Drivers/STM32G4xx_HAL_Driver/Src/stm32g4xx_hal_pcd.o
 .debug_rnglists
                0x00000000000003d4       0x3f ./Drivers/STM32G4xx_HAL_Driver/Src/stm32g4xx_hal_pcd_ex.o
 .debug_rnglists
                0x0000000000000413       0xf1 ./Drivers/STM32G4xx_HAL_Driver/Src/stm32g4xx_hal_pwr_ex.o
 .debug_rnglists
                0x0000000000000504       0x74 ./Drivers/STM32G4xx_HAL_Driver/Src/stm32g4xx_hal_rcc.o
 .debug_rnglists
                0x0000000000000578       0x87 ./Drivers/STM32G4xx_HAL_Driver/Src/stm32g4xx_hal_rcc_ex.o
 .debug_rnglists
                0x00000000000005ff      0x328 ./Drivers/STM32G4xx_HAL_Driver/Src/stm32g4xx_hal_tim.o
 .debug_rnglists
                0x0000000000000927      0x1cb ./Drivers/STM32G4xx_HAL_Driver/Src/stm32g4xx_hal_tim_ex.o
 .debug_rnglists
                0x0000000000000af2       0x86 ./Drivers/STM32G4xx_HAL_Driver/Src/stm32g4xx_ll_usb.o

.debug_macro    0x0000000000000000    0x1e36e
 .debug_macro   0x0000000000000000      0x204 ./Core/Src/main.o
 .debug_macro   0x0000000000000204      0xaa8 ./Core/Src/main.o
 .debug_macro   0x0000000000000cac      0x15b ./Core/Src/main.o
 .debug_macro   0x0000000000000e07       0x2e ./Core/Src/main.o
 .debug_macro   0x0000000000000e35       0x28 ./Core/Src/main.o
 .debug_macro   0x0000000000000e5d       0x22 ./Core/Src/main.o
 .debug_macro   0x0000000000000e7f       0x8e ./Core/Src/main.o
 .debug_macro   0x0000000000000f0d       0x51 ./Core/Src/main.o
 .debug_macro   0x0000000000000f5e      0x103 ./Core/Src/main.o
 .debug_macro   0x0000000000001061       0x6a ./Core/Src/main.o
 .debug_macro   0x00000000000010cb      0x1df ./Core/Src/main.o
 .debug_macro   0x00000000000012aa       0x1c ./Core/Src/main.o
 .debug_macro   0x00000000000012c6       0x22 ./Core/Src/main.o
 .debug_macro   0x00000000000012e8       0xfb ./Core/Src/main.o
 .debug_macro   0x00000000000013e3     0x1011 ./Core/Src/main.o
 .debug_macro   0x00000000000023f4      0x11f ./Core/Src/main.o
 .debug_macro   0x0000000000002513    0x11e6a ./Core/Src/main.o
 .debug_macro   0x000000000001437d       0x6d ./Core/Src/main.o
 .debug_macro   0x00000000000143ea     0x3554 ./Core/Src/main.o
 .debug_macro   0x000000000001793e      0x174 ./Core/Src/main.o
 .debug_macro   0x0000000000017ab2       0x5c ./Core/Src/main.o
 .debug_macro   0x0000000000017b0e     0x1535 ./Core/Src/main.o
 .debug_macro   0x0000000000019043      0x5cf ./Core/Src/main.o
 .debug_macro   0x0000000000019612      0x1b6 ./Core/Src/main.o
 .debug_macro   0x00000000000197c8      0x2d0 ./Core/Src/main.o
 .debug_macro   0x0000000000019a98      0x4a2 ./Core/Src/main.o
 .debug_macro   0x0000000000019f3a      0x18b ./Core/Src/main.o
 .debug_macro   0x000000000001a0c5       0x43 ./Core/Src/main.o
 .debug_macro   0x000000000001a108      0x23d ./Core/Src/main.o
 .debug_macro   0x000000000001a345      0x211 ./Core/Src/main.o
 .debug_macro   0x000000000001a556      0x416 ./Core/Src/main.o
 .debug_macro   0x000000000001a96c      0x10e ./Core/Src/main.o
 .debug_macro   0x000000000001aa7a       0x6c ./Core/Src/main.o
 .debug_macro   0x000000000001aae6      0x234 ./Core/Src/main.o
 .debug_macro   0x000000000001ad1a      0x122 ./Core/Src/main.o
 .debug_macro   0x000000000001ae3c      0x3d1 ./Core/Src/main.o
 .debug_macro   0x000000000001b20d      0xbcc ./Core/Src/main.o
 .debug_macro   0x000000000001bdd9      0x4ee ./Core/Src/main.o
 .debug_macro   0x000000000001c2c7      0x321 ./Core/Src/main.o
 .debug_macro   0x000000000001c5e8       0x1c ./Core/Src/main.o
 .debug_macro   0x000000000001c604       0x22 ./Core/Src/main.o
 .debug_macro   0x000000000001c626      0x1ed ./Core/Src/stm32g4xx_hal_msp.o
 .debug_macro   0x000000000001c813      0x1f7 ./Core/Src/stm32g4xx_it.o
 .debug_macro   0x000000000001ca0a      0x1de ./Core/Src/system_stm32g4xx.o
 .debug_macro   0x000000000001cbe8      0x1f7 ./Core/Src/tim.o
 .debug_macro   0x000000000001cddf      0x22c ./Drivers/STM32G4xx_HAL_Driver/Src/stm32g4xx_hal.o
 .debug_macro   0x000000000001d00b      0x1de ./Drivers/STM32G4xx_HAL_Driver/Src/stm32g4xx_hal_cortex.o
 .debug_macro   0x000000000001d1e9      0x1e5 ./Drivers/STM32G4xx_HAL_Driver/Src/stm32g4xx_hal_gpio.o
 .debug_macro   0x000000000001d3ce      0x1ea ./Drivers/STM32G4xx_HAL_Driver/Src/stm32g4xx_hal_pcd.o
 .debug_macro   0x000000000001d5b8      0x1de ./Drivers/STM32G4xx_HAL_Driver/Src/stm32g4xx_hal_pcd_ex.o
 .debug_macro   0x000000000001d796      0x208 ./Drivers/STM32G4xx_HAL_Driver/Src/stm32g4xx_hal_pwr_ex.o
 .debug_macro   0x000000000001d99e      0x220 ./Drivers/STM32G4xx_HAL_Driver/Src/stm32g4xx_hal_rcc.o
 .debug_macro   0x000000000001dbbe      0x208 ./Drivers/STM32G4xx_HAL_Driver/Src/stm32g4xx_hal_rcc_ex.o
 .debug_macro   0x000000000001ddc6      0x1e6 ./Drivers/STM32G4xx_HAL_Driver/Src/stm32g4xx_hal_tim.o
 .debug_macro   0x000000000001dfac      0x1e4 ./Drivers/STM32G4xx_HAL_Driver/Src/stm32g4xx_hal_tim_ex.o
 .debug_macro   0x000000000001e190      0x1de ./Drivers/STM32G4xx_HAL_Driver/Src/stm32g4xx_ll_usb.o

.debug_line     0x0000000000000000    0x10892
 .debug_line    0x0000000000000000      0x928 ./Core/Src/main.o
 .debug_line    0x0000000000000928      0x7c2 ./Core/Src/stm32g4xx_hal_msp.o
 .debug_line    0x00000000000010ea      0x838 ./Core/Src/stm32g4xx_it.o
 .debug_line    0x0000000000001922      0x7df ./Core/Src/system_stm32g4xx.o
 .debug_line    0x0000000000002101      0x7d0 ./Core/Src/tim.o
 .debug_line    0x00000000000028d1       0x7b ./Core/Startup/startup_stm32g491retx.o
 .debug_line    0x000000000000294c      0xb56 ./Drivers/STM32G4xx_HAL_Driver/Src/stm32g4xx_hal.o
 .debug_line    0x00000000000034a2      0xd09 ./Drivers/STM32G4xx_HAL_Driver/Src/stm32g4xx_hal_cortex.o
 .debug_line    0x00000000000041ab      0xb99 ./Drivers/STM32G4xx_HAL_Driver/Src/stm32g4xx_hal_gpio.o
 .debug_line    0x0000000000004d44     0x137b ./Drivers/STM32G4xx_HAL_Driver/Src/stm32g4xx_hal_pcd.o
 .debug_line    0x00000000000060bf      0x8ea ./Drivers/STM32G4xx_HAL_Driver/Src/stm32g4xx_hal_pcd_ex.o
 .debug_line    0x00000000000069a9      0xd0d ./Drivers/STM32G4xx_HAL_Driver/Src/stm32g4xx_hal_pwr_ex.o
 .debug_line    0x00000000000076b6      0xf69 ./Drivers/STM32G4xx_HAL_Driver/Src/stm32g4xx_hal_rcc.o
 .debug_line    0x000000000000861f     0x1239 ./Drivers/STM32G4xx_HAL_Driver/Src/stm32g4xx_hal_rcc_ex.o
 .debug_line    0x0000000000009858     0x3f3d ./Drivers/STM32G4xx_HAL_Driver/Src/stm32g4xx_hal_tim.o
 .debug_line    0x000000000000d795     0x2138 ./Drivers/STM32G4xx_HAL_Driver/Src/stm32g4xx_hal_tim_ex.o
 .debug_line    0x000000000000f8cd      0xfc5 ./Drivers/STM32G4xx_HAL_Driver/Src/stm32g4xx_ll_usb.o

.debug_str      0x0000000000000000    0xc65d3
 .debug_str     0x0000000000000000    0xc23b2 ./Core/Src/main.o
                                      0xc2733 (size before relaxing)
 .debug_str     0x00000000000c23b2      0x21f ./Core/Src/stm32g4xx_hal_msp.o
                                      0xc2022 (size before relaxing)
 .debug_str     0x00000000000c25d1       0xc9 ./Core/Src/stm32g4xx_it.o
                                      0xc19c9 (size before relaxing)
 .debug_str     0x00000000000c269a       0xdb ./Core/Src/system_stm32g4xx.o
                                      0xc1af7 (size before relaxing)
 .debug_str     0x00000000000c2775      0x64b ./Core/Src/tim.o
                                      0xc2720 (size before relaxing)
 .debug_str     0x00000000000c2dc0       0x34 ./Core/Startup/startup_stm32g491retx.o
                                         0x7d (size before relaxing)
 .debug_str     0x00000000000c2df4      0x5bc ./Drivers/STM32G4xx_HAL_Driver/Src/stm32g4xx_hal.o
                                      0xc26db (size before relaxing)
 .debug_str     0x00000000000c33b0      0x31d ./Drivers/STM32G4xx_HAL_Driver/Src/stm32g4xx_hal_cortex.o
                                      0xc2386 (size before relaxing)
 .debug_str     0x00000000000c36cd      0x125 ./Drivers/STM32G4xx_HAL_Driver/Src/stm32g4xx_hal_gpio.o
                                      0xc1c82 (size before relaxing)
 .debug_str     0x00000000000c37f2      0x50e ./Drivers/STM32G4xx_HAL_Driver/Src/stm32g4xx_hal_pcd.o
                                      0xc223f (size before relaxing)
 .debug_str     0x00000000000c3d00      0x186 ./Drivers/STM32G4xx_HAL_Driver/Src/stm32g4xx_hal_pcd_ex.o
                                      0xc1ebb (size before relaxing)
 .debug_str     0x00000000000c3e86      0x4c6 ./Drivers/STM32G4xx_HAL_Driver/Src/stm32g4xx_hal_pwr_ex.o
                                      0xc1fe5 (size before relaxing)
 .debug_str     0x00000000000c434c      0x4e0 ./Drivers/STM32G4xx_HAL_Driver/Src/stm32g4xx_hal_rcc.o
                                      0xc21f0 (size before relaxing)
 .debug_str     0x00000000000c482c      0x413 ./Drivers/STM32G4xx_HAL_Driver/Src/stm32g4xx_hal_rcc_ex.o
                                      0xc222d (size before relaxing)
 .debug_str     0x00000000000c4c3f      0xfb2 ./Drivers/STM32G4xx_HAL_Driver/Src/stm32g4xx_hal_tim.o
                                      0xc2fe5 (size before relaxing)
 .debug_str     0x00000000000c5bf1      0x910 ./Drivers/STM32G4xx_HAL_Driver/Src/stm32g4xx_hal_tim_ex.o
                                      0xc2c69 (size before relaxing)
 .debug_str     0x00000000000c6501       0xd2 ./Drivers/STM32G4xx_HAL_Driver/Src/stm32g4xx_ll_usb.o
                                      0xc1d8c (size before relaxing)

.debug_frame    0x0000000000000000     0x3e90
 .debug_frame   0x0000000000000000      0x14c ./Core/Src/main.o
 .debug_frame   0x000000000000014c       0x84 ./Core/Src/stm32g4xx_hal_msp.o
 .debug_frame   0x00000000000001d0      0x104 ./Core/Src/stm32g4xx_it.o
 .debug_frame   0x00000000000002d4       0x58 ./Core/Src/system_stm32g4xx.o
 .debug_frame   0x000000000000032c       0x7c ./Core/Src/tim.o
 .debug_frame   0x00000000000003a8      0x4a0 ./Drivers/STM32G4xx_HAL_Driver/Src/stm32g4xx_hal.o
 .debug_frame   0x0000000000000848      0x498 ./Drivers/STM32G4xx_HAL_Driver/Src/stm32g4xx_hal_cortex.o
 .debug_frame   0x0000000000000ce0      0x14c ./Drivers/STM32G4xx_HAL_Driver/Src/stm32g4xx_hal_gpio.o
 .debug_frame   0x0000000000000e2c      0x554 ./Drivers/STM32G4xx_HAL_Driver/Src/stm32g4xx_hal_pcd.o
 .debug_frame   0x0000000000001380      0x14c ./Drivers/STM32G4xx_HAL_Driver/Src/stm32g4xx_hal_pcd_ex.o
 .debug_frame   0x00000000000014cc      0x4fc ./Drivers/STM32G4xx_HAL_Driver/Src/stm32g4xx_hal_pwr_ex.o
 .debug_frame   0x00000000000019c8      0x23c ./Drivers/STM32G4xx_HAL_Driver/Src/stm32g4xx_hal_rcc.o
 .debug_frame   0x0000000000001c04      0x2ac ./Drivers/STM32G4xx_HAL_Driver/Src/stm32g4xx_hal_rcc_ex.o
 .debug_frame   0x0000000000001eb0     0x121c ./Drivers/STM32G4xx_HAL_Driver/Src/stm32g4xx_hal_tim.o
 .debug_frame   0x00000000000030cc      0xa68 ./Drivers/STM32G4xx_HAL_Driver/Src/stm32g4xx_hal_tim_ex.o
 .debug_frame   0x0000000000003b34      0x310 ./Drivers/STM32G4xx_HAL_Driver/Src/stm32g4xx_ll_usb.o
 .debug_frame   0x0000000000003e44       0x20 C:/ST/STM32CubeIDE_1.13.1/STM32CubeIDE/plugins/com.st.stm32cube.ide.mcu.externaltools.gnu-tools-for-stm32.11.3.rel1.win32_1.1.0.202305231506/tools/bin/../lib/gcc/arm-none-eabi/11.3.1/../../../../arm-none-eabi/lib/thumb/v7e-m+fp/hard\libc_nano.a(libc_a-memset.o)
 .debug_frame   0x0000000000003e64       0x2c C:/ST/STM32CubeIDE_1.13.1/STM32CubeIDE/plugins/com.st.stm32cube.ide.mcu.externaltools.gnu-tools-for-stm32.11.3.rel1.win32_1.1.0.202305231506/tools/bin/../lib/gcc/arm-none-eabi/11.3.1/../../../../arm-none-eabi/lib/thumb/v7e-m+fp/hard\libc_nano.a(libc_a-init.o)

.debug_line_str
                0x0000000000000000       0x71
 .debug_line_str
                0x0000000000000000       0x71 ./Core/Startup/startup_stm32g491retx.o
                                         0x89 (size before relaxing)
